[phox.whmcsdes.com/go/index.html]
[phox.whmcsdes.com/go/wp-content/themes/phox/favicon.ico]
[backblue.gif]
[fade.gif]
[index.html]
[phox.whmcsdes.com/go/wp-includes/js/jquery/jquery.min9d52.js]
[phox.whmcsdes.com/go/feed/index.html]
[phox.whmcsdes.com/go/wp-includes/js/jquery/jquery-migrate.mind617.js]
[phox.whmcsdes.com/go/wp-content/plugins/revslider/public/assets/js/rbtools.min75e4.js]
[phox.whmcsdes.com/go/wp-content/plugins/revslider/public/assets/js/rs6.minb7f2.js]
[phox.whmcsdes.com/go/comments/feed/index.html]
[phox.whmcsdes.com/go/wp-json/index.html]
[phox.whmcsdes.com/go/wp-json/wp/v2/pages/9.json]
[phox.whmcsdes.com/go/xmlrpc0db0.php]
[phox.whmcsdes.com/go/wp-includes/wlwmanifest.xml]
[phox.whmcsdes.com/go/wp-json/oembed/1.0/embeddc24.json]
[phox.whmcsdes.com/go/wp-json/oembed/1.0/embed4390]
[phox.whmcsdes.com/go/wp-content/uploads/2021/02/logo.png]
[phox.whmcsdes.com/go/shared-hosting/index.html]
[phox.whmcsdes.com/go/cloud-hosting/index.html]
[phox.whmcsdes.com/go/wp-content/uploads/elementor/thumbs/pricing-p306222e8i7he943yihf9uf06b1hwdywf03np56j9c.png]
[phox.whmcsdes.com/go/wp-content/uploads/elementor/thumbs/file-p3062jxbucvxiue6287c37wrgmlgymxstghvteg1z4.png]
[phox.whmcsdes.com/go/wp-content/uploads/elementor/thumbs/builder-p30613ad7mvpbpbcaruhngfy2w9nltjh66bcc0nm68.png]
[phox.whmcsdes.com/go/vps-hosting/index.html]
[phox.whmcsdes.com/go/wordpress-hosting/index.html]
[phox.whmcsdes.com/go/wp-content/uploads/elementor/thumbs/marketing-p3061ibs8zgahgphuycircnbl27j0z76k8r40g1beo.png]
[phox.whmcsdes.com/go/dedicated-hosting/index.html]
[phox.whmcsdes.com/go/wp-content/uploads/elementor/thumbs/bg-p305vedjtr43r9buh15r79hh71ud183vvkw0yfjd34.png]
[phox.whmcsdes.com/go/domains/index.html]
[phox.whmcsdes.com/go/wp-content/uploads/elementor/thumbs/au-p305y2936upvgcdfne1b344gscqvj1jfhp56mymby8.png]
[phox.whmcsdes.com/go/wp-content/uploads/elementor/thumbs/shop-p305yfetuj7vyvubijq320sx3qy0iszo7i9zcu2tj4.png]
[phox.whmcsdes.com/go/about-us/index.html]
[phox.whmcsdes.com/go/careers/index.html]
[phox.whmcsdes.com/go/wp-content/uploads/elementor/thumbs/uk-p305yx9rgdwc3h4dm9fzveaoe2hzl1yklyo7h3cc8w.png]
[phox.whmcsdes.com/go/wp-content/uploads/2021/02/com.png]
[phox.whmcsdes.com/go/wp-content/uploads/2021/02/phox-domain-1024x720.png]
[phox.whmcsdes.com/go/our-services/index.html]
[phox.whmcsdes.com/go/wp-content/uploads/2021/02/email.png]
[phox.whmcsdes.com/go/support/index.html]
[phox.whmcsdes.com/go/contact/index.html]
[phox.whmcsdes.com/go/wp-content/uploads/2021/02/builder.png]
[phox.whmcsdes.com/go/blog/index.html]
[phox.whmcsdes.com/go/highest-quality-content-in-the-industry/index.html]
[phox.whmcsdes.com/go/wp-content/uploads/2021/02/marketing.png]
[phox.whmcsdes.com/go/shop/index.html]
[phox.whmcsdes.com/go/wp-content/uploads/elementor/thumbs/pricing-p306222e8i77zf4xriow5dj774yd42uyf7695zdnnk.png]
[phox.whmcsdes.com/go/wp-content/uploads/elementor/thumbs/file-p3062jxbucvo40ezv8esyr0yhgic6btutnkha8n6dc.png]
[phox.whmcsdes.com/go/wp-content/uploads/elementor/thumbs/options-p3062yyqvpg99rt5fewu2n8bzmg7lhhk7q08yo0vls.png]
[phox.whmcsdes.com/go/wp-content/uploads/2021/02/logo-sm.png]
[phox.whmcsdes.com/go/wp-includes/js/dist/vendor/wp-polyfill.min89b1.js]
[phox.whmcsdes.com/go/wp-includes/js/dist/vendor/wp-polyfill-fetch.min6e0e.js]
[phox.whmcsdes.com/go/wp-includes/js/dist/vendor/wp-polyfill-node-contains.min2e00.js]
[phox.whmcsdes.com/go/wp-includes/js/dist/vendor/wp-polyfill-dom-rect.min2e00.js]
[phox.whmcsdes.com/go/wp-includes/js/dist/vendor/wp-polyfill-url.min5aed.js]
[phox.whmcsdes.com/go/wp-includes/js/dist/vendor/wp-polyfill-formdata.mine9bd.js]
[phox.whmcsdes.com/go/wp-includes/js/dist/vendor/wp-polyfill-element-closest.min4c56.js]
[phox.whmcsdes.com/go/wp-includes/js/dist/vendor/wp-polyfill-object-fit.min531b.js]
[phox.whmcsdes.com/go/wp-includes/js/dist/hooks.minf521.js]
[phox.whmcsdes.com/go/wp-includes/js/dist/i18n.min87d6.js]
[phox.whmcsdes.com/go/wp-includes/js/dist/vendor/lodash.minf492.js]
[phox.whmcsdes.com/go/wp-includes/js/dist/url.minacd8.js]
[phox.whmcsdes.com/go/wp-includes/js/dist/api-fetch.minf3b9.js]
[phox.whmcsdes.com/go/wp-content/plugins/contact-form-7/includes/js/index91d5.js]
[phox.whmcsdes.com/go/wp-content/plugins/woocommerce/assets/js/jquery-blockui/jquery.blockUI.min44fd.js]
[phox.whmcsdes.com/go/wp-content/plugins/woocommerce/assets/js/frontend/add-to-cart.minbb49.js]
[phox.whmcsdes.com/go/wp-content/plugins/woocommerce/assets/js/js-cookie/js.cookie.min6b25.js]
[phox.whmcsdes.com/go/wp-content/plugins/woocommerce/assets/js/frontend/woocommerce.minbb49.js]
[phox.whmcsdes.com/go/wp-content/plugins/woocommerce/assets/js/frontend/cart-fragments.minbb49.js]
[phox.whmcsdes.com/go/wp-content/themes/phox/assets/js/popper.min93f6.js]
[phox.whmcsdes.com/go/wp-content/themes/phox/assets/js/ammap93f6.js]
[phox.whmcsdes.com/go/wp-content/themes/phox/assets/js/worldLow93f6.js]
[phox.whmcsdes.com/go/wp-content/themes/phox/assets/js/jquery.plugin93f6.js]
[phox.whmcsdes.com/go/wp-content/themes/phox/assets/js/jquery.countdown93f6.js]
[phox.whmcsdes.com/go/wp-content/themes/phox/assets/js/bootstrap.min93f6.js]
[phox.whmcsdes.com/go/wp-content/themes/phox/assets/js/custom-script93f6.js]
[phox.whmcsdes.com/go/wp-content/themes/phox/assets/js/plugins93f6.js]
[phox.whmcsdes.com/go/wp-includes/js/wp-embed.min9f31.js]
[phox.whmcsdes.com/go/wp-content/plugins/elementor/assets/js/webpack.runtime.minee9a.js]
[phox.whmcsdes.com/go/wp-content/plugins/elementor/assets/js/frontend-modules.minee9a.js]
[phox.whmcsdes.com/go/wp-content/plugins/elementor/assets/lib/waypoints/waypoints.min05da.js]
[phox.whmcsdes.com/go/wp-includes/js/jquery/ui/core.min35d0.js]
[phox.whmcsdes.com/go/wp-content/plugins/elementor/assets/lib/swiper/swiper.min48f5.js]
[phox.whmcsdes.com/go/wp-content/plugins/elementor/assets/lib/share-link/share-link.minee9a.js]
[phox.whmcsdes.com/go/wp-content/plugins/elementor/assets/lib/dialog/dialog.mina288.js]
[phox.whmcsdes.com/go/wp-content/plugins/elementor/assets/js/frontend.minee9a.js]
[phox.whmcsdes.com/go/wp-content/plugins/phox-host/assets/js/elementor-widgets7fb9.js]
[phox.whmcsdes.com/go/wp-content/plugins/elementor/assets/js/preloaded-modules.minee9a.js]
[phox.whmcsdes.com/go/index.html]
[phox.whmcsdes.com/go/wp-content/plugins/revslider/public/assets/fonts/revicons/revicons90c6.eot]
[phox.whmcsdes.com/go/wp-content/plugins/woocommerce/assets/fonts/star.eot]
[phox.whmcsdes.com/go/wp-content/themes/phox/assets/fonts/icomoon70ee.eot]
[phox.whmcsdes.com/go/wp-content/themes/phox/assets/webfonts/fa-brands-400.eot]
[phox.whmcsdes.com/go/wp-content/plugins/elementor/assets/lib/eicons/fonts/eiconsa481.eot]
[phox.whmcsdes.com/go/wp-content/plugins/elementor/assets/lib/eicons/fonts/eicons0b93.eot]
[phox.whmcsdes.com/go/wp-content/plugins/elementor/assets/lib/font-awesome/webfonts/fa-solid-900.eot]
[phox.whmcsdes.com/go/wp-content/cache/autoptimize/css/autoptimize_0fae2de48c4cbe2e144cffa4736ed54e.css]
[phox.whmcsdes.com/go/wp-content/cache/autoptimize/css/autoptimize_541e2ced151704f4ff1844c6de47ec02.css]
[phox.whmcsdes.com/go/wp-content/cache/autoptimize/css/autoptimize_single_c3b12b1a5151826f24129609f15d83dbbfee.css]
[phox.whmcsdes.com/go/wp-content/cache/autoptimize/css/autoptimize_single_1ce7cd852113051bb5d1d30c4e2ca5eabfee.css]
[phox.whmcsdes.com/go/wp-content/cache/autoptimize/css/autoptimize_single_548ec619e1d293e313f598777c255d763f68.css]
[phox.whmcsdes.com/go/wp-admin/admin-ajax.html]
[phox.whmcsdes.com/go/wp-json/wp/v2/pages/78.json]
[phox.whmcsdes.com/go/wp-json/oembed/1.0/embeddf79.json]
[phox.whmcsdes.com/go/wp-json/oembed/1.0/embed850d]
[phox.whmcsdes.com/go/wp-content/uploads/2021/02/phox-data.png]
[phox.whmcsdes.com/go/wp-content/uploads/2021/02/backup-1024x639.png]
[phox.whmcsdes.com/go/wp-content/uploads/elementor/thumbs/manage-p31jo8thcrcpeofrucmkh4r9xy8h26mjidbuta7qio.png]
[phox.whmcsdes.com/go/wp-content/uploads/elementor/thumbs/file-p3062jxbucvj78960z4m48tr6xoj2ijz00neebvl6o.png]
[phox.whmcsdes.com/go/wp-content/uploads/elementor/thumbs/lock-p31jno516ekeb99t73ory9z4vh2ecucg3iz6972ebk.png]
[phox.whmcsdes.com/go/wp-content/uploads/2021/02/panel.png]
[phox.whmcsdes.com/go/shared-hosting/index.html]
[phox.whmcsdes.com/go/wp-json/wp/v2/pages/97.json]
[phox.whmcsdes.com/go/wp-json/oembed/1.0/embedd50c.json]
[phox.whmcsdes.com/go/wp-json/oembed/1.0/embed235e]
[phox.whmcsdes.com/go/wp-content/uploads/2021/02/cloud.png]
[phox.whmcsdes.com/go/cloud-hosting/index.html]
[phox.whmcsdes.com/go/wp-json/wp/v2/pages/104.json]
[phox.whmcsdes.com/go/wp-json/oembed/1.0/embed6835.json]
[phox.whmcsdes.com/go/wp-json/oembed/1.0/embedde88]
[phox.whmcsdes.com/go/wp-content/uploads/2021/02/vps-1024x644.png]
[phox.whmcsdes.com/go/vps-hosting/index.html]
[phox.whmcsdes.com/go/wp-json/wp/v2/pages/112.json]
[phox.whmcsdes.com/go/wp-json/oembed/1.0/embed121f.json]
[phox.whmcsdes.com/go/wp-json/oembed/1.0/embed2eff]
[phox.whmcsdes.com/go/wp-content/uploads/2021/02/wp-1024x563.png]
[phox.whmcsdes.com/go/wordpress-hosting/index.html]
[phox.whmcsdes.com/go/wp-json/wp/v2/pages/119.json]
[phox.whmcsdes.com/go/wp-json/oembed/1.0/embede129.json]
[phox.whmcsdes.com/go/wp-json/oembed/1.0/embed55cf]
[phox.whmcsdes.com/go/wp-content/uploads/2021/02/dedicated-1024x719.png]
[phox.whmcsdes.com/go/dedicated-hosting/index.html]
[phox.whmcsdes.com/go/wp-json/wp/v2/pages/126.json]
[phox.whmcsdes.com/go/wp-json/oembed/1.0/embed6a9e.json]
[phox.whmcsdes.com/go/wp-json/oembed/1.0/embed50a4]
[phox.whmcsdes.com/go/wp-content/uploads/elementor/thumbs/art-p31n7orpz3sx9ewy2al3x7i57d0ixadoh2a513c5xc.png]
[phox.whmcsdes.com/go/wp-content/uploads/elementor/thumbs/ca-p31n84qz7aesqs9qgzhrllgzawtrk55479de6sogzk.png]
[phox.whmcsdes.com/go/wp-content/uploads/elementor/thumbs/fit-p31n8iuk1sy3kxp96nl64zww7ow9rlp3975ody3ke8.png]
[phox.whmcsdes.com/go/wp-content/uploads/2021/02/domain.png]
[phox.whmcsdes.com/go/wp-content/plugins/phox-host/assets/js/libs/jquery.tablesorter.minfa23.js]
[phox.whmcsdes.com/go/wp-content/plugins/phox-host/assets/js/libs/jquery.tablesorter.widget-filter.minfa23.js]
[phox.whmcsdes.com/go/domains/index.html]
[phox.whmcsdes.com/go/wp-json/wp/v2/pages/138.json]
[phox.whmcsdes.com/go/wp-json/oembed/1.0/embed61a8.json]
[phox.whmcsdes.com/go/wp-json/oembed/1.0/embedb0ac]
[phox.whmcsdes.com/go/wp-content/uploads/2021/02/about.png]
[phox.whmcsdes.com/go/wp-content/uploads/2021/02/phox-team-2-ouascph1p1axteh7a7orusxzz5gcl46m5tndif4vls.png]
[phox.whmcsdes.com/go/wp-content/uploads/2021/02/wohost-team-2-ouaraqrpnxc0wdmeysx85dts8wknp7gw9x3dq3faww.png]
[phox.whmcsdes.com/go/wp-content/uploads/2021/02/wohost-team-1-ouaraqrpnxc0wdmeysx85dts8wknp7gw9x3dq3faww.png]
[phox.whmcsdes.com/go/wp-content/plugins/phox-host/assets/js/libs/owl.carousel.min531b.js]
[phox.whmcsdes.com/go/about-us/index.html]
[phox.whmcsdes.com/go/wp-json/wp/v2/pages/162.json]
[phox.whmcsdes.com/go/wp-json/oembed/1.0/embed234d.json]
[phox.whmcsdes.com/go/wp-json/oembed/1.0/embed793d]
[phox.whmcsdes.com/go/wp-content/uploads/2021/02/careers.png]
[phox.whmcsdes.com/go/careers/index.html]
[phox.whmcsdes.com/go/wp-json/wp/v2/pages/186.json]
[phox.whmcsdes.com/go/wp-json/oembed/1.0/embed30fc.json]
[phox.whmcsdes.com/go/wp-json/oembed/1.0/embeda1b3]
[phox.whmcsdes.com/go/wp-content/uploads/2021/02/services.png]
[phox.whmcsdes.com/go/our-services/index.html]
[phox.whmcsdes.com/go/wp-json/wp/v2/pages/196.json]
[phox.whmcsdes.com/go/wp-json/oembed/1.0/embed2080.json]
[phox.whmcsdes.com/go/wp-json/oembed/1.0/embed2cb2]
[phox.whmcsdes.com/go/wp-content/uploads/2021/02/support.png]
[phox.whmcsdes.com/go/support/index.html]
[phox.whmcsdes.com/go/wp-json/wp/v2/pages/219.json]
[phox.whmcsdes.com/go/wp-json/oembed/1.0/embedb121.json]
[phox.whmcsdes.com/go/wp-json/oembed/1.0/embedc352]
[phox.whmcsdes.com/go/wp-content/uploads/2021/02/contact-1024x538.png]
[phox.whmcsdes.com/go/contact/index.html]
[phox.whmcsdes.com/go/wp-content/uploads/2019/08/server-1-1-1000x610-1-780x500.jpg]
[phox.whmcsdes.com/go/wp-content/uploads/2019/08/server-2-780x500.jpg]
[phox.whmcsdes.com/go/wp-content/uploads/2019/08/server-3-1000x610-1-780x500.png]
[phox.whmcsdes.com/go/wp-content/uploads/2019/08/server-4-1000x610-1-780x500.jpg]
[phox.whmcsdes.com/go/wp-content/uploads/2019/08/server-5-1000x610-1-780x500.jpg]
[phox.whmcsdes.com/go/wp-content/uploads/2019/08/server-1-1-1000x610-1.jpg]
[phox.whmcsdes.com/go/what-is-elasticity-in-cloud-computing/index.html]
[phox.whmcsdes.com/go/reinvent-survival-guide-the-new-version/index.html]
[phox.whmcsdes.com/go/are-there-prerequisites-to-the-aws-associate-exams/index.html]
[phox.whmcsdes.com/go/author/ijeto/index.html]
[phox.whmcsdes.com/go/how-does-aws-pricing-work/index.html]
[phox.whmcsdes.com/go/wp-content/uploads/2019/08/server-2.jpg]
[phox.whmcsdes.com/go/category/uncategorized/index.html]
[phox.whmcsdes.com/go/wp-content/uploads/2019/08/server-3-1000x610-1.png]
[phox.whmcsdes.com/go/wp-content/uploads/2019/08/server-4-1000x610-1.jpg]
[phox.whmcsdes.com/go/wp-content/uploads/2019/08/server-5-1000x610-1.jpg]
[phox.whmcsdes.com/go/wp-content/uploads/2019/08/server-6-1000x610-1.jpg]
[phox.whmcsdes.com/go/blog/index.html]
[phox.whmcsdes.com/go/finding-your-culture-fit/index.html]
[phox.whmcsdes.com/go/wp-json/wp/v2/posts/152.json]
[phox.whmcsdes.com/go/highest-quality-content-in-the-industry/feed/index.html]
[phox.whmcsdes.com/go/wp-json/oembed/1.0/embeda4b5.json]
[phox.whmcsdes.com/go/wp-json/oembed/1.0/embed9358]
[phox.whmcsdes.com/go/wp-includes/js/comment-reply.min9f31.js]
[phox.whmcsdes.com/go/highest-quality-content-in-the-industry/index.html]
[phox.whmcsdes.com/go/wp-content/uploads/2021/02/6-324x324.jpg]
[phox.whmcsdes.com/go/wp-content/uploads/2021/02/7-324x324.jpg]
[phox.whmcsdes.com/go/wp-content/uploads/2021/02/9-324x324.jpg]
[phox.whmcsdes.com/go/wp-content/uploads/2021/02/8-324x324.jpg]
[phox.whmcsdes.com/go/shop/feed/index.html]
[phox.whmcsdes.com/go/wp-content/uploads/2021/02/1-1-324x324.jpg]
[phox.whmcsdes.com/go/wp-content/uploads/2021/02/2-1-324x324.jpg]
[phox.whmcsdes.com/go/wp-content/uploads/2021/02/3-1-324x324.jpg]
[phox.whmcsdes.com/go/product/sofa-with-cushion/index.html]
[phox.whmcsdes.com/go/wp-content/uploads/2021/02/4-1-324x324.jpg]
[phox.whmcsdes.com/go/wp-includes/js/jquery/ui/mouse.min35d0.js]
[phox.whmcsdes.com/go/shop/index72b4.html]
[phox.whmcsdes.com/go/wp-includes/js/jquery/ui/slider.min35d0.js]
[phox.whmcsdes.com/go/wp-content/plugins/woocommerce/assets/js/jquery-ui-touch-punch/jquery-ui-touch-punch.minbb49.js]
[phox.whmcsdes.com/go/product/sofa-with-cushion-2/index.html]
[phox.whmcsdes.com/go/wp-content/plugins/woocommerce/assets/js/accounting/accounting.minaffb.js]
[phox.whmcsdes.com/go/shop/indexb6ea.html]
[phox.whmcsdes.com/go/product/sofa-with-cushion-3/index.html]
[phox.whmcsdes.com/go/wp-content/plugins/woocommerce/assets/js/frontend/price-slider.minbb49.js]
[phox.whmcsdes.com/go/shop/index.html]
[phox.whmcsdes.com/go/shop/index700a.html]
[phox.whmcsdes.com/go/product/sofa-with-cushion-4/index.html]
[phox.whmcsdes.com/go/wp-content/themes/phox/assets/img/icons/location.svg]
[phox.whmcsdes.com/go/shop/indexa38d.html]
[phox.whmcsdes.com/go/product/sofa-with-cushion-5/index.html]
[phox.whmcsdes.com/go/wp-content/themes/phox/assets/img/icons/mail.svg]
[phox.whmcsdes.com/go/shop/indexa95e.html]
[phox.whmcsdes.com/go/product/sofa-with-cushion-6/index.html]
[phox.whmcsdes.com/go/wp-content/themes/phox/assets/img/icons/support.svg]
[phox.whmcsdes.com/go/shop/index646c.html]
[phox.whmcsdes.com/go/product/sofa-with-cushion-7/index.html]
[phox.whmcsdes.com/go/wp-content/cache/autoptimize/css/autoptimize_single_6b74fbdb42ab78dfe6cb3a24d9bfd83c3f68.css]
[phox.whmcsdes.com/go/shop/indexe95f.html]
[phox.whmcsdes.com/go/product/sofa-with-cushion-8/index.html]
[phox.whmcsdes.com/go/shop/index6d67.html]
[phox.whmcsdes.com/go/wp-content/cache/autoptimize/css/autoptimize_single_96a50f94168f6123e78d72216af98d7f3f68.css]
[phox.whmcsdes.com/go/shop/page/2/index.html]
[phox.whmcsdes.com/go/product-category/servers/index.html]
[phox.whmcsdes.com/go/wp-admin/admin-ajaxf809.html]
[phox.whmcsdes.com/go/product-tag/center/index.html]
[phox.whmcsdes.com/go/product-category/uncategorized/index.html]
[phox.whmcsdes.com/go/product-tag/data/index.html]
[phox.whmcsdes.com/go/wp-content/cache/autoptimize/css/autoptimize_single_ede04036de1426bcb1eb36dd5386da88c54e.css]
[phox.whmcsdes.com/go/index7896.html]
[phox.whmcsdes.com/go/wp-content/cache/autoptimize/css/autoptimize_single_8bf151cf7bfa4c005ab4ae1950b0d49fd41a.css]
[phox.whmcsdes.com/go/indexb190.html]
[phox.whmcsdes.com/go/wp-content/cache/autoptimize/css/autoptimize_single_9d67b6500b41b373c05e9bbba89e3b96a78c.css]
[phox.whmcsdes.com/go/index9430.html]
[phox.whmcsdes.com/go/wp-content/cache/autoptimize/css/autoptimize_single_ced8a02ebb8d303032e14bb5220dbed7d007.css]
[phox.whmcsdes.com/go/index8820.html]
[phox.whmcsdes.com/go/wp-content/cache/autoptimize/css/autoptimize_single_a2f64c4890f4ad4c90125c425edc74df4bc8.css]
[phox.whmcsdes.com/go/index7737.html]
[phox.whmcsdes.com/go/wp-content/cache/autoptimize/css/autoptimize_single_a5adb12d581ef7397af7bb502e71fd05b190.css]
[phox.whmcsdes.com/go/index4ab3.html]
[phox.whmcsdes.com/go/product-tag/server/index.html]
[phox.whmcsdes.com/go/wp-content/plugins/elementor/assets/lib/font-awesome/webfonts/fa-brands-400.eot]
[phox.whmcsdes.com/go/wp-content/cache/autoptimize/css/autoptimize_de1ebaaac17dc798f378ad40a82f684d.css]
[phox.whmcsdes.com/go/wp-content/cache/autoptimize/css/autoptimize_single_c2de73d472091cbf002fcbdac8a98fcf25e8.css]
[phox.whmcsdes.com/go/index1a26.html]
[phox.whmcsdes.com/go/wp-content/cache/autoptimize/css/autoptimize_single_292a9d4c4f8b67d1fe9404f369a6bca8d696.css]
[phox.whmcsdes.com/go/indexbbc7.html]
[phox.whmcsdes.com/go/wp-content/cache/autoptimize/css/autoptimize_single_e8c2f26fdd61385dbcad930b2b8089277efe.css]
[phox.whmcsdes.com/go/index146c.html]
[phox.whmcsdes.com/go/wp-content/plugins/elementor/assets/lib/font-awesome/webfonts/fa-regular-400.eot]
[phox.whmcsdes.com/go/wp-content/cache/autoptimize/css/autoptimize_af2ed3de3a300d8ff323dc979d8cc195.css]
[phox.whmcsdes.com/go/wp-content/cache/autoptimize/css/autoptimize_single_1223c52ba537f8deb14fa55698921a711955.css]
[phox.whmcsdes.com/go/indexf45e.html]
[phox.whmcsdes.com/go/wp-content/cache/autoptimize/css/autoptimize_single_a488467737e86ccc0875c690f533121d2961.css]
[phox.whmcsdes.com/go/index50f6.html]
[phox.whmcsdes.com/go/wp-content/cache/autoptimize/css/autoptimize_105ec16dd02f7d3eca767e85e6d1006b.css]
[phox.whmcsdes.com/go/wp-json/wp/v2/posts/249.json]
[phox.whmcsdes.com/go/what-is-elasticity-in-cloud-computing/feed/index.html]
[phox.whmcsdes.com/go/wp-json/oembed/1.0/embedec6f.json]
[phox.whmcsdes.com/go/wp-json/oembed/1.0/embedac58]
[phox.whmcsdes.com/go/what-is-elasticity-in-cloud-computing/index.html]
[phox.whmcsdes.com/go/wp-json/wp/v2/posts/248.json]
[phox.whmcsdes.com/go/reinvent-survival-guide-the-new-version/feed/index.html]
[phox.whmcsdes.com/go/wp-json/oembed/1.0/embed10e4.json]
[phox.whmcsdes.com/go/wp-json/oembed/1.0/embed19e9]
[phox.whmcsdes.com/go/reinvent-survival-guide-the-new-version/index.html]
[phox.whmcsdes.com/go/wp-json/wp/v2/posts/247.json]
[phox.whmcsdes.com/go/are-there-prerequisites-to-the-aws-associate-exams/feed/index.html]
[phox.whmcsdes.com/go/wp-json/oembed/1.0/embeddd57.json]
[phox.whmcsdes.com/go/wp-json/oembed/1.0/embedfab0]
[phox.whmcsdes.com/go/are-there-prerequisites-to-the-aws-associate-exams/index.html]
[phox.whmcsdes.com/go/wp-json/wp/v2/posts/246.json]
[phox.whmcsdes.com/go/how-does-aws-pricing-work/feed/index.html]
[phox.whmcsdes.com/go/wp-json/oembed/1.0/embedfd80.json]
[phox.whmcsdes.com/go/wp-json/oembed/1.0/embede57e]
[phox.whmcsdes.com/go/how-does-aws-pricing-work/index.html]
[phox.whmcsdes.com/go/author/ijeto/index.html]
[phox.whmcsdes.com/go/wp-content/themes/phox/assets/img/icons/blog-calendar.svg]
[phox.whmcsdes.com/go/wp-content/themes/phox/assets/img/icons/blog-category.svg]
[phox.whmcsdes.com/go/author/ijeto/feed/index.html]
[phox.whmcsdes.com/go/category/uncategorized/feed/index.html]
[phox.whmcsdes.com/go/wp-json/wp/v2/categories/1.json]
[phox.whmcsdes.com/go/category/uncategorized/index.html]
[phox.whmcsdes.com/go/wp-content/themes/phox/assets/img/icons/blog-comment.svg]
[phox.whmcsdes.com/go/wp-json/wp/v2/posts/245.json]
[phox.whmcsdes.com/go/finding-your-culture-fit/feed/index.html]
[phox.whmcsdes.com/go/wp-json/oembed/1.0/embed30b9.json]
[phox.whmcsdes.com/go/wp-json/oembed/1.0/embedb092]
[phox.whmcsdes.com/go/finding-your-culture-fit/index.html]
[phox.whmcsdes.com/go/index1611.html]
[phox.whmcsdes.com/go/wp-json/wp/v2/product/278.json]
[phox.whmcsdes.com/go/product/sofa-with-cushion/feed/index.html]
[phox.whmcsdes.com/go/wp-json/oembed/1.0/embed579b.json]
[phox.whmcsdes.com/go/wp-json/oembed/1.0/embed7ca2]
[phox.whmcsdes.com/go/wp-content/uploads/2021/02/6.jpg]
[phox.whmcsdes.com/go/wp-content/uploads/2021/02/6-416x416.jpg]
[phox.whmcsdes.com/go/wp-content/plugins/woocommerce/assets/js/zoom/jquery.zoom.min5a35.js]
[phox.whmcsdes.com/go/wp-content/plugins/woocommerce/assets/js/flexslider/jquery.flexslider.mineed8.js]
[phox.whmcsdes.com/go/wp-content/plugins/woocommerce/assets/js/photoswipe/photoswipe.min0235.js]
[phox.whmcsdes.com/go/product/sofa-with-cushion/indexa95e.html]
[phox.whmcsdes.com/go/product/sofa-with-cushion/index6d67.html]
[phox.whmcsdes.com/go/wp-content/plugins/woocommerce/assets/js/photoswipe/photoswipe-ui-default.min0235.js]
[phox.whmcsdes.com/go/wp-content/plugins/woocommerce/assets/js/frontend/single-product.minbb49.js]
[phox.whmcsdes.com/go/product/sofa-with-cushion/index.html]
[phox.whmcsdes.com/go/shop/index72b4.html]
[phox.whmcsdes.com/go/cart/index.html]
[phox.whmcsdes.com/go/wp-json/wp/v2/product/279.json]
[phox.whmcsdes.com/go/product/sofa-with-cushion-2/feed/index.html]
[phox.whmcsdes.com/go/wp-json/oembed/1.0/embed9002.json]
[phox.whmcsdes.com/go/wp-json/oembed/1.0/embed6a11]
[phox.whmcsdes.com/go/wp-content/uploads/2021/02/7.jpg]
[phox.whmcsdes.com/go/wp-content/uploads/2021/02/7-416x416.jpg]
[phox.whmcsdes.com/go/product/sofa-with-cushion-2/index.html]
[phox.whmcsdes.com/go/shop/indexb6ea.html]
[phox.whmcsdes.com/go/product/sofa-with-cushion-2/indexa38d.html]
[phox.whmcsdes.com/go/product/sofa-with-cushion-2/indexe95f.html]
[phox.whmcsdes.com/go/wp-json/wp/v2/product/280.json]
[phox.whmcsdes.com/go/product/sofa-with-cushion-3/feed/index.html]
[phox.whmcsdes.com/go/wp-json/oembed/1.0/embed2bb6.json]
[phox.whmcsdes.com/go/wp-json/oembed/1.0/embeddf76]
[phox.whmcsdes.com/go/wp-content/uploads/2021/02/9.jpg]
[phox.whmcsdes.com/go/wp-content/uploads/2021/02/9-416x416.jpg]
[phox.whmcsdes.com/go/product/sofa-with-cushion-3/index.html]
[phox.whmcsdes.com/go/shop/index700a.html]
[phox.whmcsdes.com/go/product/sofa-with-cushion-3/indexe95f.html]
[phox.whmcsdes.com/go/product/sofa-with-cushion-3/indexb6ea.html]
[phox.whmcsdes.com/go/wp-json/wp/v2/product/281.json]
[phox.whmcsdes.com/go/product/sofa-with-cushion-4/feed/index.html]
[phox.whmcsdes.com/go/wp-json/oembed/1.0/embed895a.json]
[phox.whmcsdes.com/go/wp-json/oembed/1.0/embed0206]
[phox.whmcsdes.com/go/wp-content/uploads/2021/02/8.jpg]
[phox.whmcsdes.com/go/wp-content/uploads/2021/02/8-416x416.jpg]
[phox.whmcsdes.com/go/product/sofa-with-cushion-4/index.html]
[phox.whmcsdes.com/go/shop/indexa38d.html]
[phox.whmcsdes.com/go/product/sofa-with-cushion-4/index6d67.html]
[phox.whmcsdes.com/go/product/sofa-with-cushion-4/index700a.html]
[phox.whmcsdes.com/go/wp-json/wp/v2/product/282.json]
[phox.whmcsdes.com/go/product/sofa-with-cushion-5/feed/index.html]
[phox.whmcsdes.com/go/wp-json/oembed/1.0/embedf8e3.json]
[phox.whmcsdes.com/go/wp-json/oembed/1.0/embede420]
[phox.whmcsdes.com/go/wp-content/uploads/2021/02/1-1.jpg]
[phox.whmcsdes.com/go/wp-content/uploads/2021/02/1-1-416x416.jpg]
[phox.whmcsdes.com/go/product/sofa-with-cushion-5/index.html]
[phox.whmcsdes.com/go/shop/indexa95e.html]
[phox.whmcsdes.com/go/product/sofa-with-cushion-5/index6d67.html]
[phox.whmcsdes.com/go/wp-json/wp/v2/product/283.json]
[phox.whmcsdes.com/go/product/sofa-with-cushion-5/index72b4.html]
[phox.whmcsdes.com/go/wp-json/oembed/1.0/embedc569.json]
[phox.whmcsdes.com/go/wp-json/oembed/1.0/embedb5bd]
[phox.whmcsdes.com/go/product/sofa-with-cushion-6/feed/index.html]
[phox.whmcsdes.com/go/wp-content/uploads/2021/02/2-1.jpg]
[phox.whmcsdes.com/go/wp-content/uploads/2021/02/2-1-416x416.jpg]
[phox.whmcsdes.com/go/product/sofa-with-cushion-6/index.html]
[phox.whmcsdes.com/go/shop/index646c.html]
[phox.whmcsdes.com/go/product/sofa-with-cushion-6/indexa95e.html]
[phox.whmcsdes.com/go/product/sofa-with-cushion-6/index72b4.html]
[phox.whmcsdes.com/go/wp-json/wp/v2/product/284.json]
[phox.whmcsdes.com/go/product/sofa-with-cushion-7/feed/index.html]
[phox.whmcsdes.com/go/wp-json/oembed/1.0/embed6b15.json]
[phox.whmcsdes.com/go/wp-json/oembed/1.0/embed347b]
[phox.whmcsdes.com/go/wp-content/uploads/2021/02/3-1.jpg]
[phox.whmcsdes.com/go/wp-content/uploads/2021/02/3-1-416x416.jpg]
[phox.whmcsdes.com/go/product/sofa-with-cushion-7/index.html]
[phox.whmcsdes.com/go/shop/indexe95f.html]
[phox.whmcsdes.com/go/product/sofa-with-cushion-7/index700a.html]
[phox.whmcsdes.com/go/product/sofa-with-cushion-7/indexa95e.html]
[phox.whmcsdes.com/go/wp-json/wp/v2/product/285.json]
[phox.whmcsdes.com/go/product/sofa-with-cushion-8/feed/index.html]
[phox.whmcsdes.com/go/wp-json/oembed/1.0/embeda50c.json]
[phox.whmcsdes.com/go/wp-json/oembed/1.0/embed44ba]
[phox.whmcsdes.com/go/wp-content/uploads/2021/02/4-1.jpg]
[phox.whmcsdes.com/go/wp-content/uploads/2021/02/4-1-416x416.jpg]
[phox.whmcsdes.com/go/wp-content/uploads/2021/02/5-324x324.jpg]
[phox.whmcsdes.com/go/product/sofa-with-cushion-8/index.html]
[phox.whmcsdes.com/go/shop/index6d67.html]
[phox.whmcsdes.com/go/shop/page/2/index.html]
[phox.whmcsdes.com/go/product/sofa-with-cushion-9/index.html]
[phox.whmcsdes.com/go/product/sofa-with-cushion-8/index04a4.html]
[phox.whmcsdes.com/go/product/sofa-with-cushion-8/indexa95e.html]
[phox.whmcsdes.com/go/product-category/servers/index.html]
[phox.whmcsdes.com/go/shop/page/2/index04a4.html]
[phox.whmcsdes.com/go/product-category/uncategorized/index.html]
[phox.whmcsdes.com/go/product-category/servers/feed/index.html]
[phox.whmcsdes.com/go/product-category/servers/index72b4.html]
[phox.whmcsdes.com/go/product-category/servers/indexb6ea.html]
[phox.whmcsdes.com/go/product-tag/center/index.html]
[phox.whmcsdes.com/go/product-category/servers/index700a.html]
[phox.whmcsdes.com/go/product-category/servers/indexa95e.html]
[phox.whmcsdes.com/go/product-category/servers/indexa38d.html]
[phox.whmcsdes.com/go/product-tag/data/index.html]
[phox.whmcsdes.com/go/product-category/servers/indexe95f.html]
[phox.whmcsdes.com/go/product-category/servers/index646c.html]
[phox.whmcsdes.com/go/product-category/servers/index6d67.html]
[phox.whmcsdes.com/go/product-category/servers/page/2/index.html]
[phox.whmcsdes.com/go/product-tag/server/index.html]
[phox.whmcsdes.com/go/product-tag/center/feed/index.html]
[phox.whmcsdes.com/go/product-tag/center/index72b4.html]
[phox.whmcsdes.com/go/product-tag/center/indexb6ea.html]
[phox.whmcsdes.com/go/wp-content/plugins/phox-host/assets/css/libs/owl-carousel/owl.video.play.html]
[phox.whmcsdes.com/go/product-category/uncategorized/feed/index.html]
[phox.whmcsdes.com/go/index1a93.html]
[phox.whmcsdes.com/go/product-tag/center/index700a.html]
[phox.whmcsdes.com/go/product-tag/center/indexa38d.html]
[phox.whmcsdes.com/go/product-tag/center/indexa95e.html]
[phox.whmcsdes.com/go/indexcf9a.html]
[phox.whmcsdes.com/go/product-tag/center/index646c.html]
[phox.whmcsdes.com/go/product-tag/center/indexe95f.html]
[phox.whmcsdes.com/go/product-tag/center/page/2/index.html]
[phox.whmcsdes.com/go/product-tag/center/index6d67.html]
[phox.whmcsdes.com/go/product-tag/data/feed/index.html]
[phox.whmcsdes.com/go/index8cf0.html]
[phox.whmcsdes.com/go/product-tag/data/index72b4.html]
[phox.whmcsdes.com/go/index88a0.html]
[phox.whmcsdes.com/go/product-tag/data/indexa38d.html]
[phox.whmcsdes.com/go/wp-json/wp/v2/users/1.html]
[phox.whmcsdes.com/go/product-tag/data/indexb6ea.html]
[phox.whmcsdes.com/go/product-tag/data/index700a.html]
[phox.whmcsdes.com/go/indexe1a1.html]
[phox.whmcsdes.com/go/product-tag/data/indexa95e.html]
[phox.whmcsdes.com/go/product-tag/data/index646c.html]
[phox.whmcsdes.com/go/product-tag/data/indexe95f.html]
[phox.whmcsdes.com/go/product-tag/data/index6d67.html]
[phox.whmcsdes.com/go/product-tag/server/feed/index.html]
[phox.whmcsdes.com/go/product-tag/data/page/2/index.html]
[phox.whmcsdes.com/go/wp-content/plugins/woocommerce/assets/css/photoswipe/default-skin/default-skin.101.delayed]
[phox.whmcsdes.com/go/product-tag/server/index72b4.html]
[phox.whmcsdes.com/go/wp-content/cache/autoptimize/css/autoptimize_480c3571c1f77d1476b98c6d34f37bb6.css]
[phox.whmcsdes.com/go/product-tag/server/indexa38d.html]
[phox.whmcsdes.com/go/product-tag/server/indexb6ea.html]
[phox.whmcsdes.com/go/product-tag/server/index700a.html]
[phox.whmcsdes.com/go/product-tag/server/indexa95e.html]
[phox.whmcsdes.com/go/index1641.html]
[phox.whmcsdes.com/go/product-tag/server/index646c.html]
[phox.whmcsdes.com/go/product-tag/server/indexe95f.html]
[phox.whmcsdes.com/go/product/sofa-with-cushion/indexa95e.html]
[phox.whmcsdes.com/go/product-tag/server/index6d67.html]
[phox.whmcsdes.com/go/product-tag/server/page/2/index.html]
[phox.whmcsdes.com/go/product/sofa-with-cushion/index6d67.html]
[phox.whmcsdes.com/go/product/sofa-with-cushion/indexe95f.html]
[phox.whmcsdes.com/go/product/sofa-with-cushion/indexa38d.html]
[phox.whmcsdes.com/go/wp-json/wp/v2/pages/272.json]
[phox.whmcsdes.com/go/wp-json/oembed/1.0/embed0cc3.json]
[phox.whmcsdes.com/go/wp-json/oembed/1.0/embed69e3]
[phox.whmcsdes.com/go/checkout/index.html]
[phox.whmcsdes.com/go/wp-content/plugins/woocommerce/assets/js/frontend/country-select.minbb49.js]
[phox.whmcsdes.com/go/wp-content/plugins/woocommerce/assets/js/frontend/address-i18n.minbb49.js]
[phox.whmcsdes.com/go/wp-content/plugins/woocommerce/assets/js/frontend/cart.minbb49.js]
[phox.whmcsdes.com/go/wp-content/plugins/woocommerce/assets/js/selectWoo/selectWoo.full.min0ba6.js]
[phox.whmcsdes.com/go/cart/index.html]
[phox.whmcsdes.com/go/index45c8.html]
[phox.whmcsdes.com/go/product/sofa-with-cushion-2/indexe95f.html]
[phox.whmcsdes.com/go/product/sofa-with-cushion-2/indexa38d.html]
[phox.whmcsdes.com/go/index90dd.html]
[phox.whmcsdes.com/go/product/sofa-with-cushion-3/indexe95f.html]
[phox.whmcsdes.com/go/product/sofa-with-cushion-2/index72b4.html]
[phox.whmcsdes.com/go/product/sofa-with-cushion-3/indexb6ea.html]
[phox.whmcsdes.com/go/product/sofa-with-cushion-2/index6d67.html]
[phox.whmcsdes.com/go/index73fa.html]
[phox.whmcsdes.com/go/product/sofa-with-cushion-4/index700a.html]
[phox.whmcsdes.com/go/product/sofa-with-cushion-3/index72b4.html]
[phox.whmcsdes.com/go/product/sofa-with-cushion-3/indexa38d.html]
[phox.whmcsdes.com/go/product/sofa-with-cushion-3/indexa95e.html]
[phox.whmcsdes.com/go/product/sofa-with-cushion-4/indexa95e.html]
[phox.whmcsdes.com/go/product/sofa-with-cushion-4/index6d67.html]
[phox.whmcsdes.com/go/indexa8da.html]
[phox.whmcsdes.com/go/product/sofa-with-cushion-5/index6d67.html]
[phox.whmcsdes.com/go/product/sofa-with-cushion-4/index04a4.html]
[phox.whmcsdes.com/go/product/sofa-with-cushion-5/index72b4.html]
[phox.whmcsdes.com/go/product/sofa-with-cushion-4/index72b4.html]
[phox.whmcsdes.com/go/product/sofa-with-cushion-4/indexb6ea.html]
[phox.whmcsdes.com/go/product/sofa-with-cushion-5/index700a.html]
[phox.whmcsdes.com/go/index30e3.html]
[phox.whmcsdes.com/go/product/sofa-with-cushion-5/index646c.html]
[phox.whmcsdes.com/go/product/sofa-with-cushion-6/indexa95e.html]
[phox.whmcsdes.com/go/product/sofa-with-cushion-5/indexb6ea.html]
[phox.whmcsdes.com/go/product/sofa-with-cushion-6/index72b4.html]
[phox.whmcsdes.com/go/product/sofa-with-cushion-5/index04a4.html]
[phox.whmcsdes.com/go/index7b2c.html]
[phox.whmcsdes.com/go/product/sofa-with-cushion-7/index700a.html]
[phox.whmcsdes.com/go/product/sofa-with-cushion-6/indexa38d.html]
[phox.whmcsdes.com/go/product/sofa-with-cushion-6/indexe95f.html]
[phox.whmcsdes.com/go/product/sofa-with-cushion-7/indexa95e.html]
[phox.whmcsdes.com/go/indexd0b8.html]
[phox.whmcsdes.com/go/product/sofa-with-cushion-6/indexb6ea.html]
[phox.whmcsdes.com/go/product/sofa-with-cushion-7/indexb6ea.html]
[phox.whmcsdes.com/go/product/sofa-with-cushion-9/feed/index.html]
[phox.whmcsdes.com/go/wp-json/wp/v2/product/286.json]
[phox.whmcsdes.com/go/product/sofa-with-cushion-7/index04a4.html]
[phox.whmcsdes.com/go/wp-json/oembed/1.0/embed7ec1.json]
[phox.whmcsdes.com/go/wp-json/oembed/1.0/embed4320]
[phox.whmcsdes.com/go/wp-content/uploads/2021/02/5.jpg]
[phox.whmcsdes.com/go/wp-content/uploads/2021/02/5-416x416.jpg]
[phox.whmcsdes.com/go/product/sofa-with-cushion-9/index.html]
[phox.whmcsdes.com/go/product/sofa-with-cushion-8/index04a4.html]
[phox.whmcsdes.com/go/product/sofa-with-cushion-8/indexa95e.html]
[phox.whmcsdes.com/go/product/sofa-with-cushion-9/indexb6ea.html]
[phox.whmcsdes.com/go/product/sofa-with-cushion-9/indexe95f.html]
[phox.whmcsdes.com/go/product/sofa-with-cushion-8/index646c.html]
[phox.whmcsdes.com/go/shop/page/2/index04a4.html]
[phox.whmcsdes.com/go/shop/page/1/index.html]
[phox.whmcsdes.com/go/product-category/servers/index72b4.html]
[phox.whmcsdes.com/go/product-category/servers/indexb6ea.html]
[phox.whmcsdes.com/go/product-category/servers/index700a.html]
[phox.whmcsdes.com/go/product-category/servers/indexa38d.html]
[phox.whmcsdes.com/go/product/sofa-with-cushion-8/indexb6ea.html]
[phox.whmcsdes.com/go/product-category/servers/indexa95e.html]
[phox.whmcsdes.com/go/product-category/servers/index646c.html]
[phox.whmcsdes.com/go/product-category/servers/indexe95f.html]
[phox.whmcsdes.com/go/product/sofa-with-cushion-8/index700a.html]
[phox.whmcsdes.com/go/product-category/servers/index6d67.html]
[phox.whmcsdes.com/go/product-category/servers/page/2/index.html]
[phox.whmcsdes.com/go/product-tag/center/index72b4.html]
[phox.whmcsdes.com/go/product-tag/center/indexb6ea.html]
[phox.whmcsdes.com/go/product-tag/center/index700a.html]
[phox.whmcsdes.com/go/product-tag/center/indexa38d.html]
[phox.whmcsdes.com/go/product-tag/center/indexa95e.html]
[phox.whmcsdes.com/go/product-tag/center/index646c.html]
[phox.whmcsdes.com/go/product-tag/center/indexe95f.html]
[phox.whmcsdes.com/go/product-tag/center/index6d67.html]
[phox.whmcsdes.com/go/product-tag/center/page/2/index.html]
[phox.whmcsdes.com/go/product-category/servers/page/2/index04a4.html]
[phox.whmcsdes.com/go/product-tag/data/index72b4.html]
[phox.whmcsdes.com/go/product-tag/data/indexb6ea.html]
[phox.whmcsdes.com/go/product-tag/data/index700a.html]
[phox.whmcsdes.com/go/product-tag/data/indexa38d.html]
[phox.whmcsdes.com/go/product-tag/data/indexa95e.html]
[phox.whmcsdes.com/go/product-tag/data/index646c.html]
[phox.whmcsdes.com/go/product-tag/data/indexe95f.html]
[phox.whmcsdes.com/go/product-tag/data/index6d67.html]
[phox.whmcsdes.com/go/product-tag/data/page/2/index.html]
[phox.whmcsdes.com/go/product-tag/center/page/2/index04a4.html]
[phox.whmcsdes.com/go/product-tag/server/index72b4.html]
[phox.whmcsdes.com/go/product-tag/server/indexb6ea.html]
[phox.whmcsdes.com/go/product-tag/server/index700a.html]
[phox.whmcsdes.com/go/product-tag/server/indexa38d.html]
[phox.whmcsdes.com/go/product-tag/server/indexa95e.html]
[phox.whmcsdes.com/go/product-tag/server/index646c.html]
[phox.whmcsdes.com/go/product-tag/server/indexe95f.html]
[phox.whmcsdes.com/go/product-tag/server/index6d67.html]
[phox.whmcsdes.com/go/product-tag/server/page/2/index.html]
[phox.whmcsdes.com/go/product-tag/data/page/2/index04a4.html]
[phox.whmcsdes.com/go/product/sofa-with-cushion/indexe95f.html]
[phox.whmcsdes.com/go/product/sofa-with-cushion/indexa38d.html]
[phox.whmcsdes.com/go/product/sofa-with-cushion/index04a4.html]
[phox.whmcsdes.com/go/product-tag/server/page/2/index04a4.html]
[phox.whmcsdes.com/go/wp-includes/css/dist/block-library/style.min9f31.css]
[phox.whmcsdes.com/go/wp-content/plugins/woocommerce/packages/woocommerce-blocks/build/vendors-stylee100.css]
[phox.whmcsdes.com/go/product/sofa-with-cushion/index700a.html]
[phox.whmcsdes.com/go/wp-content/plugins/woocommerce/packages/woocommerce-blocks/build/stylee100.css]
[phox.whmcsdes.com/go/wp-content/plugins/contact-form-7/includes/css/styles91d5.css]
[phox.whmcsdes.com/go/product/sofa-with-cushion/index646c.html]
[phox.whmcsdes.com/go/wp-content/plugins/revslider/public/assets/fonts/revicons/revicons90c6.woff]
[phox.whmcsdes.com/go/wp-content/plugins/revslider/public/assets/fonts/revicons/revicons90c6.ttf]
[phox.whmcsdes.com/go/wp-content/plugins/revslider/public/assets/assets/gridtile.png]
[phox.whmcsdes.com/go/wp-content/plugins/revslider/public/assets/assets/gridtile_white.png]
[phox.whmcsdes.com/go/wp-content/plugins/revslider/public/assets/assets/gridtile_3x3.png]
[phox.whmcsdes.com/go/wp-content/plugins/revslider/public/assets/assets/gridtile_3x3_white.png]
[phox.whmcsdes.com/go/wp-content/plugins/revslider/public/assets/assets/coloredbg.png]
[phox.whmcsdes.com/go/wp-content/plugins/revslider/public/assets/assets/loader.gif]
[phox.whmcsdes.com/go/wp-content/plugins/revslider/public/assets/css/rs6b7f2.css]
[phox.whmcsdes.com/go/wp-content/plugins/woocommerce/assets/css/select2bb49.css]
[phox.whmcsdes.com/go/wp-content/plugins/woocommerce/assets/css/woocommerce-layoutbb49.css]
[phox.whmcsdes.com/go/wp-content/plugins/woocommerce/assets/css/woocommerce-smallscreenbb49.css]
[phox.whmcsdes.com/go/wp-content/plugins/woocommerce/assets/fonts/stard41d.eot]
[phox.whmcsdes.com/go/wp-content/plugins/woocommerce/assets/fonts/star.woff]
[phox.whmcsdes.com/go/wp-content/plugins/woocommerce/assets/fonts/star.ttf]
[phox.whmcsdes.com/go/wp-content/plugins/woocommerce/assets/fonts/WooCommerce.eot]
[phox.whmcsdes.com/go/wp-content/plugins/woocommerce/assets/fonts/WooCommerced41d.eot]
[phox.whmcsdes.com/go/wp-content/plugins/woocommerce/assets/fonts/WooCommerce.woff]
[phox.whmcsdes.com/go/wp-content/plugins/woocommerce/assets/fonts/WooCommerce.ttf]
[phox.whmcsdes.com/go/wp-content/plugins/woocommerce/assets/css/woocommercebb49.css]
[phox.whmcsdes.com/go/wp-content/themes/phox/assets/css/components/woocommerce93f6.css]
[phox.whmcsdes.com/go/wp-content/themes/phox/assets/css/bootstrap.min93f6.css]
[phox.whmcsdes.com/go/wp-content/themes/phox/assets/fonts/icomoon70ee.ttf]
[phox.whmcsdes.com/go/wp-content/themes/phox/assets/fonts/icomoon70ee.woff]
[phox.whmcsdes.com/go/wp-content/themes/phox/assets/img/code.png]
[phox.whmcsdes.com/go/wp-content/themes/phox/assets/css/style93f6.css]
[phox.whmcsdes.com/go/wp-content/themes/phox/assets/css/responsive93f6.css]
[phox.whmcsdes.com/go/wp-content/themes/phox/assets/webfonts/fa-brands-400d41d.eot]
[phox.whmcsdes.com/go/wp-content/themes/phox/assets/webfonts/fa-brands-400.woff2]
[phox.whmcsdes.com/go/wp-content/themes/phox/assets/webfonts/fa-brands-400.woff]
[phox.whmcsdes.com/go/wp-content/themes/phox/assets/webfonts/fa-brands-400.ttf]
[phox.whmcsdes.com/go/wp-content/themes/phox/assets/webfonts/fa-regular-400.eot]
[phox.whmcsdes.com/go/wp-content/themes/phox/assets/webfonts/fa-regular-400d41d.eot]
[phox.whmcsdes.com/go/wp-content/themes/phox/assets/webfonts/fa-regular-400.woff2]
[phox.whmcsdes.com/go/wp-content/themes/phox/assets/webfonts/fa-regular-400.woff]
[phox.whmcsdes.com/go/wp-content/themes/phox/assets/webfonts/fa-regular-400.ttf]
[phox.whmcsdes.com/go/wp-content/themes/phox/assets/webfonts/fa-solid-900.eot]
[phox.whmcsdes.com/go/wp-content/themes/phox/assets/webfonts/fa-solid-900d41d.eot]
[phox.whmcsdes.com/go/wp-content/themes/phox/assets/webfonts/fa-solid-900.woff2]
[phox.whmcsdes.com/go/wp-content/themes/phox/assets/webfonts/fa-solid-900.woff]
[phox.whmcsdes.com/go/wp-content/themes/phox/assets/webfonts/fa-solid-900.ttf]
[phox.whmcsdes.com/go/wp-content/themes/phox/assets/css/all.min93f6.css]
[phox.whmcsdes.com/go/indexcde3.html]
[phox.whmcsdes.com/go/cart/index27ad.html]
[phox.whmcsdes.com/go/cart/indexc7ed.html]
[phox.whmcsdes.com/go/cart/indexfc11.html]
[phox.whmcsdes.com/go/cart/index8c0d.html]
[phox.whmcsdes.com/go/cart/index8e89.html]
[phox.whmcsdes.com/go/cart/index0ad4.html]
[phox.whmcsdes.com/go/cart/indexaafe.html]
[phox.whmcsdes.com/go/wp-json/wp/v2/pages/273.json]
[phox.whmcsdes.com/go/wp-json/oembed/1.0/embed6af5.json]
[phox.whmcsdes.com/go/wp-json/oembed/1.0/embedca2f]
[phox.whmcsdes.com/go/wp-content/plugins/woocommerce/assets/js/frontend/checkout.minbb49.js]
[phox.whmcsdes.com/go/checkout/index.html]
[phox.whmcsdes.com/go/wp-content/plugins/elementor/assets/lib/eicons/fonts/eicons0b93.woff2]
[phox.whmcsdes.com/go/wp-content/plugins/elementor/assets/lib/eicons/fonts/eicons0b93.woff]
[phox.whmcsdes.com/go/wp-content/plugins/elementor/assets/lib/eicons/fonts/eicons0b93.ttf]
[phox.whmcsdes.com/go/wp-content/plugins/elementor/assets/css/frontend.minee9a.css]
[phox.whmcsdes.com/go/wp-content/uploads/elementor/css/post-483f68.css]
[phox.whmcsdes.com/go/wp-content/uploads/elementor/css/post-613f68.css]
[phox.whmcsdes.com/go/wp-content/plugins/phox-host/assets/css/elementor-widgets9f31.css]
[phox.whmcsdes.com/go/wp-content/plugins/phox-host/assets/css/libs/animate3088.css]
[phox.whmcsdes.com/go/wp-content/plugins/elementor/assets/lib/eicons/fonts/eiconsa481.woff2]
[phox.whmcsdes.com/go/wp-content/plugins/elementor/assets/lib/eicons/fonts/eiconsa481.woff]
[phox.whmcsdes.com/go/wp-content/plugins/elementor/assets/lib/eicons/fonts/eiconsa481.ttf]
[phox.whmcsdes.com/go/wp-content/plugins/elementor/assets/lib/eicons/css/elementor-icons.min21f9.css]
[phox.whmcsdes.com/go/wp-content/plugins/elementor/assets/lib/animations/animations.minee9a.css]
[phox.whmcsdes.com/go/wp-content/uploads/elementor/css/post-6bfee.css]
[phox.whmcsdes.com/go/wp-content/themes/phox/assets/css/elementor-custom93f6.css]
[phox.whmcsdes.com/go/wp-content/uploads/elementor/css/globalbfee.css]
[phox.whmcsdes.com/go/wp-content/plugins/elementor/assets/lib/font-awesome/css/fontawesome.min9e0b.css]
[phox.whmcsdes.com/go/wp-content/plugins/elementor/assets/lib/font-awesome/webfonts/fa-solid-900d41d.eot]
[phox.whmcsdes.com/go/wp-content/plugins/elementor/assets/lib/font-awesome/webfonts/fa-solid-900.woff2]
[phox.whmcsdes.com/go/wp-content/plugins/elementor/assets/lib/font-awesome/webfonts/fa-solid-900.woff]
[phox.whmcsdes.com/go/wp-content/plugins/elementor/assets/lib/font-awesome/webfonts/fa-solid-900.ttf]
[phox.whmcsdes.com/go/wp-content/plugins/elementor/assets/lib/font-awesome/css/solid.min9e0b.css]
[phox.whmcsdes.com/go/product/sofa-with-cushion-2/index6d67.html]
[phox.whmcsdes.com/go/product/sofa-with-cushion-2/index72b4.html]
[phox.whmcsdes.com/go/product/sofa-with-cushion-3/index72b4.html]
[phox.whmcsdes.com/go/product/sofa-with-cushion-2/index04a4.html]
[phox.whmcsdes.com/go/product/sofa-with-cushion-2/index700a.html]
[phox.whmcsdes.com/go/product/sofa-with-cushion-3/indexa38d.html]
[phox.whmcsdes.com/go/product/sofa-with-cushion-2/index646c.html]
[phox.whmcsdes.com/go/product/sofa-with-cushion-3/indexa95e.html]
[phox.whmcsdes.com/go/product/sofa-with-cushion-3/index6d67.html]
[phox.whmcsdes.com/go/product/sofa-with-cushion-4/indexa95e.html]
[phox.whmcsdes.com/go/product/sofa-with-cushion-4/index04a4.html]
[phox.whmcsdes.com/go/product/sofa-with-cushion-4/index72b4.html]
[phox.whmcsdes.com/go/product/sofa-with-cushion-4/indexb6ea.html]
[phox.whmcsdes.com/go/product/sofa-with-cushion-5/index700a.html]
[phox.whmcsdes.com/go/product/sofa-with-cushion-5/index646c.html]
[phox.whmcsdes.com/go/product/sofa-with-cushion-5/indexb6ea.html]
[phox.whmcsdes.com/go/product/sofa-with-cushion-4/index646c.html]
[phox.whmcsdes.com/go/product/sofa-with-cushion-4/indexe95f.html]
[phox.whmcsdes.com/go/product/sofa-with-cushion-5/indexe95f.html]
[phox.whmcsdes.com/go/product/sofa-with-cushion-5/index04a4.html]
[phox.whmcsdes.com/go/product/sofa-with-cushion-6/indexa38d.html]
[phox.whmcsdes.com/go/product/sofa-with-cushion-6/indexe95f.html]
[phox.whmcsdes.com/go/product/sofa-with-cushion-6/indexb6ea.html]
[phox.whmcsdes.com/go/product/sofa-with-cushion-7/indexb6ea.html]
[phox.whmcsdes.com/go/product/sofa-with-cushion-5/indexa38d.html]
[phox.whmcsdes.com/go/product/sofa-with-cushion-6/index04a4.html]
[phox.whmcsdes.com/go/product/sofa-with-cushion-7/index04a4.html]
[phox.whmcsdes.com/go/index5c97.html]
[phox.whmcsdes.com/go/product/sofa-with-cushion-9/indexe95f.html]
[phox.whmcsdes.com/go/product/sofa-with-cushion-7/indexa38d.html]
[phox.whmcsdes.com/go/product/sofa-with-cushion-7/index646c.html]
[phox.whmcsdes.com/go/product/sofa-with-cushion-9/indexb6ea.html]
[phox.whmcsdes.com/go/product/sofa-with-cushion-7/index6d67.html]
[phox.whmcsdes.com/go/product/sofa-with-cushion-9/index6d67.html]
[phox.whmcsdes.com/go/product/sofa-with-cushion-8/index646c.html]
[phox.whmcsdes.com/go/product/sofa-with-cushion-8/indexb6ea.html]
[phox.whmcsdes.com/go/product/sofa-with-cushion-8/index700a.html]
[phox.whmcsdes.com/go/product/sofa-with-cushion-9/index72b4.html]
[phox.whmcsdes.com/go/product/sofa-with-cushion-9/indexa95e.html]
[phox.whmcsdes.com/go/product-category/servers/page/2/index04a4.html]
[phox.whmcsdes.com/go/product-category/servers/page/1/index.html]
[phox.whmcsdes.com/go/product-tag/center/page/2/index04a4.html]
[phox.whmcsdes.com/go/product-tag/center/page/1/index.html]
[phox.whmcsdes.com/go/product-tag/data/page/2/index04a4.html]
[phox.whmcsdes.com/go/product-tag/data/page/1/index.html]
[phox.whmcsdes.com/go/product-tag/server/page/2/index04a4.html]
[phox.whmcsdes.com/go/product-tag/server/page/1/index.html]
[phox.whmcsdes.com/go/product/sofa-with-cushion/index04a4.html]
[phox.whmcsdes.com/go/product/sofa-with-cushion-8/index72b4.html]
[phox.whmcsdes.com/go/product/sofa-with-cushion-8/indexe95f.html]
[phox.whmcsdes.com/go/product/sofa-with-cushion/index700a.html]
[phox.whmcsdes.com/go/product/sofa-with-cushion/index646c.html]
[phox.whmcsdes.com/go/wp-content/plugins/revslider/public/assets/fonts/revicons/revicons90c6.svg]
[phox.whmcsdes.com/go/wp-content/plugins/revslider/public/assets/css/openhand.html]
[phox.whmcsdes.com/go/wp-content/plugins/revslider/public/assets/css/closedhand.html]
[phox.whmcsdes.com/go/wp-content/plugins/woocommerce/assets/fonts/star.svg]
[phox.whmcsdes.com/go/wp-content/plugins/woocommerce/assets/fonts/WooCommerce.svg]
[phox.whmcsdes.com/go/wp-content/plugins/woocommerce/assets/images/icons/loader.svg]
[phox.whmcsdes.com/go/wp-content/plugins/woocommerce/assets/images/icons/credit-cards/visa.svg]
[phox.whmcsdes.com/go/wp-content/plugins/woocommerce/assets/images/icons/credit-cards/mastercard.svg]
[phox.whmcsdes.com/go/wp-content/plugins/woocommerce/assets/images/icons/credit-cards/laser.svg]
[phox.whmcsdes.com/go/wp-content/plugins/woocommerce/assets/images/icons/credit-cards/diners.svg]
[phox.whmcsdes.com/go/wp-content/plugins/woocommerce/assets/images/icons/credit-cards/maestro.svg]
[phox.whmcsdes.com/go/wp-content/plugins/woocommerce/assets/images/icons/credit-cards/jcb.svg]
[phox.whmcsdes.com/go/wp-content/plugins/woocommerce/assets/images/icons/credit-cards/amex.svg]
[phox.whmcsdes.com/go/wp-content/plugins/woocommerce/assets/images/icons/credit-cards/discover.svg]
[phox.whmcsdes.com/go/wp-content/themes/phox/assets/fonts/icomoon70ee.svg]
[phox.whmcsdes.com/go/product/sofa-with-cushion-8/indexa38d.html]
[phox.whmcsdes.com/go/wp-content/themes/phox/assets/webfonts/fa-brands-400.svg]
[phox.whmcsdes.com/go/product/sofa-with-cushion/indexb6ea.html]
[phox.whmcsdes.com/go/wp-content/themes/phox/assets/webfonts/fa-regular-400.svg]
[phox.whmcsdes.com/go/wp-content/themes/phox/assets/webfonts/fa-solid-900.svg]
[phox.whmcsdes.com/go/cart/indexaafe.html]
[phox.whmcsdes.com/go/index7dad.html]
[phox.whmcsdes.com/go/cart/index7ce1.html]
[phox.whmcsdes.com/go/cart/indexedc4.html]
[phox.whmcsdes.com/go/cart/index98cc.html]
[phox.whmcsdes.com/go/cart/index0782.html]
[phox.whmcsdes.com/go/cart/index6d8b.html]
[phox.whmcsdes.com/go/cart/indexc438.html]
[phox.whmcsdes.com/go/wp-content/plugins/elementor/assets/lib/eicons/fonts/eicons0b93.svg]
[phox.whmcsdes.com/go/wp-content/plugins/elementor/assets/lib/eicons/fonts/eiconsa481.svg]
[phox.whmcsdes.com/go/wp-content/plugins/elementor/assets/lib/font-awesome/webfonts/fa-solid-900.svg]
[phox.whmcsdes.com/go/product/sofa-with-cushion-2/index04a4.html]
[phox.whmcsdes.com/go/product/sofa-with-cushion-2/index700a.html]
[phox.whmcsdes.com/go/product/sofa-with-cushion-2/index646c.html]
[phox.whmcsdes.com/go/product/sofa-with-cushion-3/index6d67.html]
[phox.whmcsdes.com/go/product/sofa-with-cushion-4/index646c.html]
[phox.whmcsdes.com/go/product/sofa-with-cushion-4/indexe95f.html]
[phox.whmcsdes.com/go/product/sofa-with-cushion-5/indexe95f.html]
[phox.whmcsdes.com/go/product/sofa-with-cushion-5/indexa38d.html]
[phox.whmcsdes.com/go/product/sofa-with-cushion-6/index04a4.html]
[phox.whmcsdes.com/go/product/sofa-with-cushion-7/indexa38d.html]
[phox.whmcsdes.com/go/product/sofa-with-cushion-7/index646c.html]
[phox.whmcsdes.com/go/product/sofa-with-cushion-7/index6d67.html]
[phox.whmcsdes.com/go/product/sofa-with-cushion-9/index6d67.html]
[phox.whmcsdes.com/go/product/sofa-with-cushion-9/indexa95e.html]
[phox.whmcsdes.com/go/product/sofa-with-cushion-7/index72b4.html]
[phox.whmcsdes.com/go/product/sofa-with-cushion-9/index72b4.html]
[phox.whmcsdes.com/go/product/sofa-with-cushion-8/index72b4.html]
[phox.whmcsdes.com/go/product/sofa-with-cushion-8/indexe95f.html]
[phox.whmcsdes.com/go/product/sofa-with-cushion-8/indexa38d.html]
[phox.whmcsdes.com/go/product/sofa-with-cushion/indexb6ea.html]
[phox.whmcsdes.com/go/cart/index78aa.html]
[phox.whmcsdes.com/go/cart/indexdacd.html]
[phox.whmcsdes.com/go/cart/index82b5.html]
[phox.whmcsdes.com/go/product/sofa-with-cushion-7/index72b4.html]
[phox.whmcsdes.com/go/product/sofa-with-cushion-9/index646c.html]
[phox.whmcsdes.com/go/product/sofa-with-cushion-9/index700a.html]
[phox.whmcsdes.com/go/product/sofa-with-cushion-9/indexa38d.html]
[phox.whmcsdes.com/go/product/sofa-with-cushion-9/index646c.html]
[phox.whmcsdes.com/go/product/sofa-with-cushion-9/index700a.html]
[phox.whmcsdes.com/go/product/sofa-with-cushion-9/indexa38d.html]
[phox.whmcsdes.com/go/cart/indexcd5b.html]
[phox.whmcsdes.com/go/cart/index5d5a.html]
